---
source: crates/edit/src/app.rs
expression: buf.to_text()
---
 File  Edit  Search  Window  Help 
┌─[■]───── Untitled (1) ──────[↑]┐
│f╔═[■]════ Untitled (2) ═════[↑]╗
│ ║second window                 ║
│ ║                              ║
│ ║                              ║
│ ║                              ║
│ ║                              ║
│ ║                              ║
│ ║                              ║
└─╚══════════════════════════════╝
 F1 Help  F2 Save  Alt-X Exit
