---
source: crates/edit/src/app.rs
expression: buf.to_text()
---
 File  Edit  Search  Window       
┌─[■]─────── Untitled ────────[↑]┐
│f╔═[■]══════ Untitled ═══════[↑]╗
│ ║second window                 ▲
│ ║                              █
│ ║                              ▒
│ ║                              ▒
│ ║                              ▒
│ ║                              ▒
│ ║                              ▼
└◄╚◄█▒▒▒▒▒▒▒▒▒▒▒▒▒▒▒▒▒▒▒▒▒▒▒▒▒▒▒►╝
 F2 Save  Alt-X Exit
